     1                                 %line 1+1 power.asm
     2                                 [section .data]
     3                                 
     4                                 [section .text]
     5                                 [global _start]
     6                                 
     7                                 _start:
     8 00000000 6A03                    push 3
     9 00000002 6A02                    push 2
    10 00000004 E81A000000              call power
    11 00000009 4883C410                add rsp, 10
    12 0000000D 50                      push rax
    13 0000000E 6A02                    push 2
    14 00000010 6A05                    push 5
    15 00000012 E80C000000              call power
    16 00000017 4883C410                add rsp, 10
    17 0000001B 5B                      pop rbx
    18 0000001C 4801C3                  add rbx, rax
    19 0000001F 48C7C001000000          mov rax, 1
    20 00000026 CD80                    int 80
    21                                 
    22                                 
    23                                 
    24                                 
    25                                 
    26                                 
    27                                 
    28                                 
    29                                 
    30                                 
    31                                 
    32                                 power:
    33 00000028 55                      push rbp
    34 00000029 4889E5                  mov rbp, rsp
    35 0000002C 4883EC08                sub rsp, 8
    36 00000030 488B5D10                mov rbx, [rbp+10
    37 00000034 488B4D18                mov rcx, [rbp+18
    38                                 
    39 00000038 48895DF8                mov [rbp-8], rbx
    40                                 
    41                                 power_loop_start:
    42 0000003C 4883F901                cmp rcx, 1
    43 00000040 740F                    je end_power
    44 00000042 488B45F8                mov rax, [rbp-8]
    45 00000046 480FAFC3                imul rax, rbx
    46 0000004A 488945F8                mov [rbp-8], rax
    47 0000004E 48FFC9                  dec rcx
    48 00000051 EBE7                    jmp power_loop_start
    49                                 
    50                                 end_power:
    51 00000053 488B45F8                mov rax, [rbp-8]
    52 00000057 4889EC                  mov rsp, rbp
    53 0000005A 5D                      pop rbp
    54 0000005B C3                      ret
    55                                 
